{"level":"info","message":"Starting Robot Fleet Simulator","service":"robot-simulator","timestamp":"2026-03-22T23:24:38.810Z"}
{"level":"info","message":"Shutting down Robot Simulator","service":"robot-simulator","timestamp":"2026-03-22T23:24:38.818Z"}
{"level":"info","message":"Initializing Robot Simulator","service":"robot-simulator","timestamp":"2026-03-22T23:24:38.819Z"}
{"initialPosition":{"x":94.05863244160331,"y":81.38568503285633,"z":0},"level":"info","message":"Robot robot-001 initialized","robotId":"robot-001","service":"robot-simulator","timestamp":"2026-03-22T23:24:38.821Z"}
{"level":"info","message":"Robot robot-001 created","robotId":"robot-001","service":"robot-simulator","timestamp":"2026-03-22T23:24:38.821Z"}
{"initialPosition":{"x":43.55753991487343,"y":73.50910523988483,"z":0},"level":"info","message":"Robot robot-002 initialized","robotId":"robot-002","service":"robot-simulator","timestamp":"2026-03-22T23:24:38.821Z"}
{"level":"info","message":"Robot robot-002 created","robotId":"robot-002","service":"robot-simulator","timestamp":"2026-03-22T23:24:38.821Z"}
{"initialPosition":{"x":57.875578800476426,"y":51.517728774225866,"z":0},"level":"info","message":"Robot robot-003 initialized","robotId":"robot-003","service":"robot-simulator","timestamp":"2026-03-22T23:24:38.822Z"}
{"level":"info","message":"Robot robot-003 created","robotId":"robot-003","service":"robot-simulator","timestamp":"2026-03-22T23:24:38.823Z"}
{"initialPosition":{"x":26.093033329964598,"y":97.45596043406685,"z":0},"level":"info","message":"Robot robot-004 initialized","robotId":"robot-004","service":"robot-simulator","timestamp":"2026-03-22T23:24:38.823Z"}
{"level":"info","message":"Robot robot-004 created","robotId":"robot-004","service":"robot-simulator","timestamp":"2026-03-22T23:24:38.823Z"}
{"initialPosition":{"x":13.464081485491409,"y":94.26868610949934,"z":0},"level":"info","message":"Robot robot-005 initialized","robotId":"robot-005","service":"robot-simulator","timestamp":"2026-03-22T23:24:38.823Z"}
{"level":"info","message":"Robot robot-005 created","robotId":"robot-005","service":"robot-simulator","timestamp":"2026-03-22T23:24:38.824Z"}
{"level":"info","message":"Robot robot-003 connected to IoT Hub","robotId":"robot-003","service":"robot-simulator","timestamp":"2026-03-22T23:24:39.520Z"}
{"level":"info","message":"Robot robot-003 connection established","robotId":"robot-003","service":"robot-simulator","timestamp":"2026-03-22T23:24:39.524Z"}
{"level":"info","message":"Robot robot-005 connected to IoT Hub","robotId":"robot-005","service":"robot-simulator","timestamp":"2026-03-22T23:24:39.528Z"}
{"level":"info","message":"Robot robot-005 connection established","robotId":"robot-005","service":"robot-simulator","timestamp":"2026-03-22T23:24:39.530Z"}
{"level":"info","message":"Robot robot-004 connected to IoT Hub","robotId":"robot-004","service":"robot-simulator","timestamp":"2026-03-22T23:24:39.531Z"}
{"level":"info","message":"Robot robot-004 connection established","robotId":"robot-004","service":"robot-simulator","timestamp":"2026-03-22T23:24:39.531Z"}
{"level":"info","message":"Robot robot-001 connected to IoT Hub","robotId":"robot-001","service":"robot-simulator","timestamp":"2026-03-22T23:24:39.547Z"}
{"level":"info","message":"Robot robot-001 connection established","robotId":"robot-001","service":"robot-simulator","timestamp":"2026-03-22T23:24:39.548Z"}
{"level":"info","message":"Robot robot-002 connected to IoT Hub","robotId":"robot-002","service":"robot-simulator","timestamp":"2026-03-22T23:24:39.550Z"}
{"level":"info","message":"Robot robot-002 connection established","robotId":"robot-002","service":"robot-simulator","timestamp":"2026-03-22T23:24:39.550Z"}
{"level":"info","message":"All 5 robots connected to IoT Hub","service":"robot-simulator","timestamp":"2026-03-22T23:24:39.550Z"}
{"level":"info","message":"Robot Simulator started","robotCount":5,"service":"robot-simulator","telemetryInterval":3000,"timestamp":"2026-03-22T23:24:39.551Z"}
{"level":"info","message":"Robot Fleet Simulator is running. Press Ctrl+C to stop.","service":"robot-simulator","timestamp":"2026-03-22T23:24:39.551Z"}
{"faultType":"motor_failure","level":"warn","message":"Robot robot-003 fault simulated","robotId":"robot-003","service":"robot-simulator","state":{"battery_level":99.41442932062473,"errors":["Motor failure detected"],"joint_angles":{"joint1":0,"joint2":0,"joint3":0,"joint4":0,"joint5":0,"joint6":0},"orientation":{"pitch":0,"roll":0,"yaw":90.66000978130761},"position":{"x":57.875578800476426,"y":51.517728774225866,"z":0},"robotId":"robot-003","speed":0,"status":"error","task_id":null,"temperature":41.21680447882893,"timestamp":"2026-03-22T23:24:41.798Z"},"timestamp":"2026-03-22T23:24:41.901Z"}
{"faultType":"overheating","level":"warn","message":"Robot robot-004 fault simulated","robotId":"robot-004","service":"robot-simulator","state":{"battery_level":98.81723733847409,"errors":[],"joint_angles":{"joint1":0,"joint2":0,"joint3":0,"joint4":0,"joint5":0,"joint6":0},"orientation":{"pitch":0,"roll":0,"yaw":165.3984320088536},"position":{"x":26.093033329964598,"y":97.45596043406685,"z":0},"robotId":"robot-004","speed":1.2408466074584714,"status":"error","task_id":null,"temperature":85,"timestamp":"2026-03-22T23:24:46.553Z"},"timestamp":"2026-03-22T23:24:46.654Z"}
{"faultType":"sensor_error","level":"warn","message":"Robot robot-002 fault simulated","robotId":"robot-002","service":"robot-simulator","state":{"battery_level":97.41978615768002,"errors":["Sensor malfunction detected"],"joint_angles":{"joint1":0,"joint2":0,"joint3":0,"joint4":0,"joint5":0,"joint6":0},"orientation":{"pitch":0,"roll":0,"yaw":13.663037621375436},"position":{"x":43.55753991487343,"y":73.50910523988483,"z":0},"robotId":"robot-002","speed":1.602685826649886,"status":"error","task_id":null,"temperature":52.77290264141224,"timestamp":"2026-03-22T23:24:56.282Z"},"timestamp":"2026-03-22T23:24:56.384Z"}
{"level":"info","message":"Received SIGTERM, shutting down gracefully","service":"robot-simulator","timestamp":"2026-03-22T23:24:57.944Z"}
{"level":"info","message":"Stopping Robot Simulator","service":"robot-simulator","timestamp":"2026-03-22T23:24:57.945Z"}
{"level":"info","message":"Robot robot-001 disconnected","robotId":"robot-001","service":"robot-simulator","timestamp":"2026-03-22T23:24:58.047Z"}
