{"level":"info","message":"Starting Robot Fleet Simulator","service":"robot-simulator","timestamp":"2026-03-22T21:21:07.273Z"}
{"level":"info","message":"Shutting down Robot Simulator","service":"robot-simulator","timestamp":"2026-03-22T21:21:07.280Z"}
{"level":"info","message":"Initializing Robot Simulator","service":"robot-simulator","timestamp":"2026-03-22T21:21:07.281Z"}
{"initialPosition":{"x":33.97793651905043,"y":36.413352038110204,"z":0},"level":"info","message":"Robot robot-001 initialized","robotId":"robot-001","service":"robot-simulator","timestamp":"2026-03-22T21:21:07.281Z"}
{"level":"info","message":"Robot robot-001 created","robotId":"robot-001","service":"robot-simulator","timestamp":"2026-03-22T21:21:07.282Z"}
{"initialPosition":{"x":70.52476952754101,"y":40.162666960532945,"z":0},"level":"info","message":"Robot robot-002 initialized","robotId":"robot-002","service":"robot-simulator","timestamp":"2026-03-22T21:21:07.282Z"}
{"level":"info","message":"Robot robot-002 created","robotId":"robot-002","service":"robot-simulator","timestamp":"2026-03-22T21:21:07.282Z"}
{"initialPosition":{"x":41.766313774878896,"y":33.446781005446894,"z":0},"level":"info","message":"Robot robot-003 initialized","robotId":"robot-003","service":"robot-simulator","timestamp":"2026-03-22T21:21:07.282Z"}
{"level":"info","message":"Robot robot-003 created","robotId":"robot-003","service":"robot-simulator","timestamp":"2026-03-22T21:21:07.283Z"}
{"initialPosition":{"x":95.48975367929357,"y":84.76268292462737,"z":0},"level":"info","message":"Robot robot-004 initialized","robotId":"robot-004","service":"robot-simulator","timestamp":"2026-03-22T21:21:07.283Z"}
{"level":"info","message":"Robot robot-004 created","robotId":"robot-004","service":"robot-simulator","timestamp":"2026-03-22T21:21:07.283Z"}
{"initialPosition":{"x":80.05757103246629,"y":60.53978210445534,"z":0},"level":"info","message":"Robot robot-005 initialized","robotId":"robot-005","service":"robot-simulator","timestamp":"2026-03-22T21:21:07.283Z"}
{"level":"info","message":"Robot robot-005 created","robotId":"robot-005","service":"robot-simulator","timestamp":"2026-03-22T21:21:07.283Z"}
{"level":"info","message":"Robot robot-003 connected to IoT Hub","robotId":"robot-003","service":"robot-simulator","timestamp":"2026-03-22T21:21:07.971Z"}
{"level":"info","message":"Robot robot-003 connection established","robotId":"robot-003","service":"robot-simulator","timestamp":"2026-03-22T21:21:07.972Z"}
{"level":"info","message":"Robot robot-005 connected to IoT Hub","robotId":"robot-005","service":"robot-simulator","timestamp":"2026-03-22T21:21:07.975Z"}
{"level":"info","message":"Robot robot-005 connection established","robotId":"robot-005","service":"robot-simulator","timestamp":"2026-03-22T21:21:07.975Z"}
{"level":"info","message":"Robot robot-004 connected to IoT Hub","robotId":"robot-004","service":"robot-simulator","timestamp":"2026-03-22T21:21:07.992Z"}
{"level":"info","message":"Robot robot-004 connection established","robotId":"robot-004","service":"robot-simulator","timestamp":"2026-03-22T21:21:07.993Z"}
{"level":"info","message":"Robot robot-002 connected to IoT Hub","robotId":"robot-002","service":"robot-simulator","timestamp":"2026-03-22T21:21:07.997Z"}
{"level":"info","message":"Robot robot-002 connection established","robotId":"robot-002","service":"robot-simulator","timestamp":"2026-03-22T21:21:07.997Z"}
{"level":"info","message":"Robot robot-001 connected to IoT Hub","robotId":"robot-001","service":"robot-simulator","timestamp":"2026-03-22T21:21:08.009Z"}
{"level":"info","message":"Robot robot-001 connection established","robotId":"robot-001","service":"robot-simulator","timestamp":"2026-03-22T21:21:08.010Z"}
{"level":"info","message":"All 5 robots connected to IoT Hub","service":"robot-simulator","timestamp":"2026-03-22T21:21:08.010Z"}
{"level":"info","message":"Robot Simulator started","robotCount":5,"service":"robot-simulator","telemetryInterval":3000,"timestamp":"2026-03-22T21:21:08.010Z"}
{"level":"info","message":"Robot Fleet Simulator is running. Press Ctrl+C to stop.","service":"robot-simulator","timestamp":"2026-03-22T21:21:08.010Z"}
{"faultType":"sensor_error","level":"warn","message":"Robot robot-005 fault simulated","robotId":"robot-005","service":"robot-simulator","state":{"battery_level":99.94305250704633,"errors":["Sensor malfunction detected"],"joint_angles":{"joint1":0,"joint2":0,"joint3":0,"joint4":0,"joint5":0,"joint6":0},"orientation":{"pitch":0,"roll":0,"yaw":236.5223404761898},"position":{"x":80.05757103246629,"y":60.53978210445534,"z":0},"robotId":"robot-005","speed":1.0387034974930491,"status":"error","task_id":null,"temperature":56.265299236680754,"timestamp":"2026-03-22T21:21:08.211Z"},"timestamp":"2026-03-22T21:21:08.313Z"}
{"faultType":"battery_low","level":"warn","message":"Robot robot-002 fault simulated","robotId":"robot-002","service":"robot-simulator","state":{"battery_level":5,"errors":[],"joint_angles":{"joint1":0,"joint2":0,"joint3":0,"joint4":0,"joint5":0,"joint6":0},"orientation":{"pitch":0,"roll":0,"yaw":296.27101437336944},"position":{"x":70.52476952754101,"y":40.162666960532945,"z":0},"robotId":"robot-002","speed":1.038707300816025,"status":"error","task_id":null,"temperature":39.37191453033885,"timestamp":"2026-03-22T21:21:09.120Z"},"timestamp":"2026-03-22T21:21:09.221Z"}
{"batteryLevel":5,"level":"info","message":"Robot robot-002 started charging","robotId":"robot-002","service":"robot-simulator","timestamp":"2026-03-22T21:21:09.320Z"}
{"faultType":"motor_failure","level":"warn","message":"Robot robot-002 fault simulated","robotId":"robot-002","service":"robot-simulator","state":{"battery_level":35,"errors":["Motor failure detected"],"joint_angles":{"joint1":0,"joint2":0,"joint3":0,"joint4":0,"joint5":0,"joint6":0},"orientation":{"pitch":0,"roll":0,"yaw":296.27101437336944},"position":{"x":0,"y":0,"z":0},"robotId":"robot-002","speed":0,"status":"error","task_id":null,"temperature":40.15802416723923,"timestamp":"2026-03-22T21:21:10.632Z"},"timestamp":"2026-03-22T21:21:10.733Z"}
{"faultType":"motor_failure","level":"warn","message":"Robot robot-004 fault simulated","robotId":"robot-004","service":"robot-simulator","state":{"battery_level":98.940800834746,"errors":["Motor failure detected"],"joint_angles":{"joint1":0,"joint2":0,"joint3":0,"joint4":0,"joint5":0,"joint6":0},"orientation":{"pitch":0,"roll":0,"yaw":286.9920677990334},"position":{"x":95.48975367929357,"y":84.76268292462737,"z":0},"robotId":"robot-004","speed":0,"status":"error","task_id":null,"temperature":52.623034184453886,"timestamp":"2026-03-22T21:21:14.269Z"},"timestamp":"2026-03-22T21:21:14.370Z"}
{"faultType":"motor_failure","level":"warn","message":"Robot robot-003 fault simulated","robotId":"robot-003","service":"robot-simulator","state":{"battery_level":99.0631442086201,"errors":["Motor failure detected"],"joint_angles":{"joint1":0,"joint2":0,"joint3":0,"joint4":0,"joint5":0,"joint6":0},"orientation":{"pitch":0,"roll":0,"yaw":344.0896852822667},"position":{"x":41.766313774878896,"y":33.446781005446894,"z":0},"robotId":"robot-003","speed":0,"status":"error","task_id":null,"temperature":55.82001313419497,"timestamp":"2026-03-22T21:21:15.481Z"},"timestamp":"2026-03-22T21:21:15.582Z"}
{"faultType":"overheating","level":"warn","message":"Robot robot-001 fault simulated","robotId":"robot-001","service":"robot-simulator","state":{"battery_level":95.443869861243,"errors":[],"joint_angles":{"joint1":0,"joint2":0,"joint3":0,"joint4":0,"joint5":0,"joint6":0},"orientation":{"pitch":0,"roll":0,"yaw":35.22023992654443},"position":{"x":33.97793651905043,"y":36.413352038110204,"z":0},"robotId":"robot-001","speed":1.4499926373505008,"status":"error","task_id":null,"temperature":85,"timestamp":"2026-03-22T21:21:33.777Z"},"timestamp":"2026-03-22T21:21:33.878Z"}
{"level":"info","message":"Received SIGINT, shutting down gracefully","service":"robot-simulator","timestamp":"2026-03-22T21:36:00.193Z"}
{"level":"info","message":"Stopping Robot Simulator","service":"robot-simulator","timestamp":"2026-03-22T21:36:00.216Z"}
{"level":"info","message":"Starting Robot Fleet Simulator","service":"robot-simulator","timestamp":"2026-03-22T21:38:54.129Z"}
{"level":"info","message":"Shutting down Robot Simulator","service":"robot-simulator","timestamp":"2026-03-22T21:38:54.133Z"}
{"level":"info","message":"Initializing Robot Simulator","service":"robot-simulator","timestamp":"2026-03-22T21:38:54.134Z"}
{"initialPosition":{"x":43.07863408621577,"y":84.51200962166286,"z":0},"level":"info","message":"Robot robot-001 initialized","robotId":"robot-001","service":"robot-simulator","timestamp":"2026-03-22T21:38:54.134Z"}
{"level":"info","message":"Robot robot-001 created","robotId":"robot-001","service":"robot-simulator","timestamp":"2026-03-22T21:38:54.135Z"}
{"initialPosition":{"x":79.10615152794622,"y":38.50485420522387,"z":0},"level":"info","message":"Robot robot-002 initialized","robotId":"robot-002","service":"robot-simulator","timestamp":"2026-03-22T21:38:54.135Z"}
{"level":"info","message":"Robot robot-002 created","robotId":"robot-002","service":"robot-simulator","timestamp":"2026-03-22T21:38:54.135Z"}
{"initialPosition":{"x":31.055975219466237,"y":4.881877196254525,"z":0},"level":"info","message":"Robot robot-003 initialized","robotId":"robot-003","service":"robot-simulator","timestamp":"2026-03-22T21:38:54.135Z"}
{"level":"info","message":"Robot robot-003 created","robotId":"robot-003","service":"robot-simulator","timestamp":"2026-03-22T21:38:54.135Z"}
{"initialPosition":{"x":82.83614825799962,"y":91.80972449131568,"z":0},"level":"info","message":"Robot robot-004 initialized","robotId":"robot-004","service":"robot-simulator","timestamp":"2026-03-22T21:38:54.135Z"}
{"level":"info","message":"Robot robot-004 created","robotId":"robot-004","service":"robot-simulator","timestamp":"2026-03-22T21:38:54.135Z"}
{"initialPosition":{"x":57.27599056640575,"y":42.86226268053382,"z":0},"level":"info","message":"Robot robot-005 initialized","robotId":"robot-005","service":"robot-simulator","timestamp":"2026-03-22T21:38:54.135Z"}
{"level":"info","message":"Robot robot-005 created","robotId":"robot-005","service":"robot-simulator","timestamp":"2026-03-22T21:38:54.135Z"}
{"level":"info","message":"Robot robot-001 connected to IoT Hub","robotId":"robot-001","service":"robot-simulator","timestamp":"2026-03-22T21:38:55.304Z"}
{"level":"info","message":"Robot robot-001 connection established","robotId":"robot-001","service":"robot-simulator","timestamp":"2026-03-22T21:38:55.305Z"}
{"level":"info","message":"Robot robot-005 connected to IoT Hub","robotId":"robot-005","service":"robot-simulator","timestamp":"2026-03-22T21:38:55.305Z"}
{"level":"info","message":"Robot robot-005 connection established","robotId":"robot-005","service":"robot-simulator","timestamp":"2026-03-22T21:38:55.306Z"}
{"level":"info","message":"Robot robot-004 connected to IoT Hub","robotId":"robot-004","service":"robot-simulator","timestamp":"2026-03-22T21:38:55.306Z"}
{"level":"info","message":"Robot robot-004 connection established","robotId":"robot-004","service":"robot-simulator","timestamp":"2026-03-22T21:38:55.306Z"}
{"level":"info","message":"Robot robot-002 connected to IoT Hub","robotId":"robot-002","service":"robot-simulator","timestamp":"2026-03-22T21:38:55.315Z"}
{"level":"info","message":"Robot robot-002 connection established","robotId":"robot-002","service":"robot-simulator","timestamp":"2026-03-22T21:38:55.315Z"}
{"level":"info","message":"Robot robot-003 connected to IoT Hub","robotId":"robot-003","service":"robot-simulator","timestamp":"2026-03-22T21:38:55.322Z"}
{"level":"info","message":"Robot robot-003 connection established","robotId":"robot-003","service":"robot-simulator","timestamp":"2026-03-22T21:38:55.322Z"}
{"level":"info","message":"All 5 robots connected to IoT Hub","service":"robot-simulator","timestamp":"2026-03-22T21:38:55.323Z"}
{"level":"info","message":"Robot Simulator started","robotCount":5,"service":"robot-simulator","telemetryInterval":3000,"timestamp":"2026-03-22T21:38:55.323Z"}
{"level":"info","message":"Robot Fleet Simulator is running. Press Ctrl+C to stop.","service":"robot-simulator","timestamp":"2026-03-22T21:38:55.323Z"}
{"faultType":"motor_failure","level":"warn","message":"Robot robot-001 fault simulated","robotId":"robot-001","service":"robot-simulator","state":{"battery_level":99.77019583473395,"errors":["Motor failure detected"],"joint_angles":{"joint1":0,"joint2":0,"joint3":0,"joint4":0,"joint5":0,"joint6":0},"orientation":{"pitch":0,"roll":0,"yaw":79.10459043182327},"position":{"x":43.07863408621577,"y":84.51200962166286,"z":0},"robotId":"robot-001","speed":0,"status":"error","task_id":null,"temperature":52.8381904366099,"timestamp":"2026-03-22T21:38:56.031Z"},"timestamp":"2026-03-22T21:38:56.132Z"}
{"faultType":"sensor_error","level":"warn","message":"Robot robot-003 fault simulated","robotId":"robot-003","service":"robot-simulator","state":{"battery_level":98.50578666425449,"errors":["Sensor malfunction detected"],"joint_angles":{"joint1":0,"joint2":0,"joint3":0,"joint4":0,"joint5":0,"joint6":0},"orientation":{"pitch":0,"roll":0,"yaw":227.04431040049886},"position":{"x":31.055975219466237,"y":4.881877196254525,"z":0},"robotId":"robot-003","speed":1.7057677013105992,"status":"error","task_id":null,"temperature":54.98628855985829,"timestamp":"2026-03-22T21:39:00.780Z"},"timestamp":"2026-03-22T21:39:00.882Z"}
{"faultType":"motor_failure","level":"warn","message":"Robot robot-005 fault simulated","robotId":"robot-005","service":"robot-simulator","state":{"battery_level":98.75149665823835,"errors":["Motor failure detected"],"joint_angles":{"joint1":0,"joint2":0,"joint3":0,"joint4":0,"joint5":0,"joint6":0},"orientation":{"pitch":0,"roll":0,"yaw":226.10727486096926},"position":{"x":57.27599056640575,"y":42.86226268053382,"z":0},"robotId":"robot-005","speed":0,"status":"error","task_id":null,"temperature":44.49997690485508,"timestamp":"2026-03-22T21:39:04.107Z"},"timestamp":"2026-03-22T21:39:04.209Z"}
{"faultType":"motor_failure","level":"warn","message":"Robot robot-004 fault simulated","robotId":"robot-004","service":"robot-simulator","state":{"battery_level":94.84695300095217,"errors":["Motor failure detected"],"joint_angles":{"joint1":0,"joint2":0,"joint3":0,"joint4":0,"joint5":0,"joint6":0},"orientation":{"pitch":0,"roll":0,"yaw":287.9192140979275},"position":{"x":82.83614825799962,"y":91.80972449131568,"z":0},"robotId":"robot-004","speed":0,"status":"error","task_id":null,"temperature":55.460067682809935,"timestamp":"2026-03-22T21:39:15.219Z"},"timestamp":"2026-03-22T21:39:15.320Z"}
{"faultType":"motor_failure","level":"warn","message":"Robot robot-002 fault simulated","robotId":"robot-002","service":"robot-simulator","state":{"battery_level":93.97642176359153,"errors":["Motor failure detected"],"joint_angles":{"joint1":0,"joint2":0,"joint3":0,"joint4":0,"joint5":0,"joint6":0},"orientation":{"pitch":0,"roll":0,"yaw":265.2919327177227},"position":{"x":79.10615152794622,"y":38.50485420522387,"z":0},"robotId":"robot-002","speed":0,"status":"error","task_id":null,"temperature":60.150579097793674,"timestamp":"2026-03-22T21:39:18.856Z"},"timestamp":"2026-03-22T21:39:18.957Z"}
{"level":"info","message":"Received SIGINT, shutting down gracefully","service":"robot-simulator","timestamp":"2026-03-22T21:44:41.196Z"}
{"level":"info","message":"Stopping Robot Simulator","service":"robot-simulator","timestamp":"2026-03-22T21:44:41.204Z"}
{"level":"info","message":"Received SIGINT, shutting down gracefully","service":"robot-simulator","timestamp":"2026-03-22T21:44:41.223Z"}
{"level":"info","message":"Stopping Robot Simulator","service":"robot-simulator","timestamp":"2026-03-22T21:44:41.224Z"}
{"level":"info","message":"Robot robot-004 disconnected","robotId":"robot-004","service":"robot-simulator","timestamp":"2026-03-22T21:44:41.366Z"}
{"level":"info","message":"Starting Robot Fleet Simulator","service":"robot-simulator","timestamp":"2026-03-22T21:45:24.686Z"}
{"level":"info","message":"Shutting down Robot Simulator","service":"robot-simulator","timestamp":"2026-03-22T21:45:24.688Z"}
{"level":"info","message":"Initializing Robot Simulator","service":"robot-simulator","timestamp":"2026-03-22T21:45:24.688Z"}
{"initialPosition":{"x":59.183834570096685,"y":53.84151735754492,"z":0},"level":"info","message":"Robot robot-001 initialized","robotId":"robot-001","service":"robot-simulator","timestamp":"2026-03-22T21:45:24.689Z"}
{"level":"info","message":"Robot robot-001 created","robotId":"robot-001","service":"robot-simulator","timestamp":"2026-03-22T21:45:24.689Z"}
{"initialPosition":{"x":11.966536755786695,"y":38.32121234041894,"z":0},"level":"info","message":"Robot robot-002 initialized","robotId":"robot-002","service":"robot-simulator","timestamp":"2026-03-22T21:45:24.689Z"}
{"level":"info","message":"Robot robot-002 created","robotId":"robot-002","service":"robot-simulator","timestamp":"2026-03-22T21:45:24.689Z"}
{"initialPosition":{"x":11.032157260119524,"y":14.282799187552087,"z":0},"level":"info","message":"Robot robot-003 initialized","robotId":"robot-003","service":"robot-simulator","timestamp":"2026-03-22T21:45:24.689Z"}
{"level":"info","message":"Robot robot-003 created","robotId":"robot-003","service":"robot-simulator","timestamp":"2026-03-22T21:45:24.689Z"}
{"initialPosition":{"x":30.139634579723705,"y":74.16367832758357,"z":0},"level":"info","message":"Robot robot-004 initialized","robotId":"robot-004","service":"robot-simulator","timestamp":"2026-03-22T21:45:24.690Z"}
{"level":"info","message":"Robot robot-004 created","robotId":"robot-004","service":"robot-simulator","timestamp":"2026-03-22T21:45:24.690Z"}
{"initialPosition":{"x":99.43843284623401,"y":23.824423779758884,"z":0},"level":"info","message":"Robot robot-005 initialized","robotId":"robot-005","service":"robot-simulator","timestamp":"2026-03-22T21:45:24.690Z"}
{"level":"info","message":"Robot robot-005 created","robotId":"robot-005","service":"robot-simulator","timestamp":"2026-03-22T21:45:24.690Z"}
{"level":"info","message":"Robot robot-005 connected to IoT Hub","robotId":"robot-005","service":"robot-simulator","timestamp":"2026-03-22T21:45:25.215Z"}
{"level":"info","message":"Robot robot-005 connection established","robotId":"robot-005","service":"robot-simulator","timestamp":"2026-03-22T21:45:25.216Z"}
{"level":"info","message":"Robot robot-001 connected to IoT Hub","robotId":"robot-001","service":"robot-simulator","timestamp":"2026-03-22T21:45:25.239Z"}
{"level":"info","message":"Robot robot-001 connection established","robotId":"robot-001","service":"robot-simulator","timestamp":"2026-03-22T21:45:25.240Z"}
{"level":"info","message":"Robot robot-002 connected to IoT Hub","robotId":"robot-002","service":"robot-simulator","timestamp":"2026-03-22T21:45:25.247Z"}
{"level":"info","message":"Robot robot-002 connection established","robotId":"robot-002","service":"robot-simulator","timestamp":"2026-03-22T21:45:25.248Z"}
{"level":"info","message":"Robot robot-003 connected to IoT Hub","robotId":"robot-003","service":"robot-simulator","timestamp":"2026-03-22T21:45:25.248Z"}
{"level":"info","message":"Robot robot-003 connection established","robotId":"robot-003","service":"robot-simulator","timestamp":"2026-03-22T21:45:25.249Z"}
{"level":"info","message":"Robot robot-004 connected to IoT Hub","robotId":"robot-004","service":"robot-simulator","timestamp":"2026-03-22T21:45:25.259Z"}
{"level":"info","message":"Robot robot-004 connection established","robotId":"robot-004","service":"robot-simulator","timestamp":"2026-03-22T21:45:25.259Z"}
{"level":"info","message":"All 5 robots connected to IoT Hub","service":"robot-simulator","timestamp":"2026-03-22T21:45:25.259Z"}
{"level":"info","message":"Robot Simulator started","robotCount":5,"service":"robot-simulator","telemetryInterval":3000,"timestamp":"2026-03-22T21:45:25.259Z"}
{"level":"info","message":"Robot Fleet Simulator is running. Press Ctrl+C to stop.","service":"robot-simulator","timestamp":"2026-03-22T21:45:25.259Z"}
{"faultType":"motor_failure","level":"warn","message":"Robot robot-003 fault simulated","robotId":"robot-003","service":"robot-simulator","state":{"battery_level":98.76441604415197,"errors":["Motor failure detected"],"joint_angles":{"joint1":0,"joint2":0,"joint3":0,"joint4":0,"joint5":0,"joint6":0},"orientation":{"pitch":0,"roll":0,"yaw":230.34826499433865},"position":{"x":11.032157260119524,"y":14.282799187552087,"z":0},"robotId":"robot-003","speed":0,"status":"error","task_id":null,"temperature":58.49781603117225,"timestamp":"2026-03-22T21:45:30.421Z"},"timestamp":"2026-03-22T21:45:30.521Z"}
{"faultType":"battery_low","level":"warn","message":"Robot robot-005 fault simulated","robotId":"robot-005","service":"robot-simulator","state":{"battery_level":5,"errors":[],"joint_angles":{"joint1":0,"joint2":0,"joint3":0,"joint4":0,"joint5":0,"joint6":0},"orientation":{"pitch":0,"roll":0,"yaw":265.8327268685365},"position":{"x":99.43843284623401,"y":23.824423779758884,"z":0},"robotId":"robot-005","speed":1.056262697926515,"status":"error","task_id":null,"temperature":56.81954869071824,"timestamp":"2026-03-22T21:45:33.451Z"},"timestamp":"2026-03-22T21:45:33.552Z"}
{"batteryLevel":5,"level":"info","message":"Robot robot-005 started charging","robotId":"robot-005","service":"robot-simulator","timestamp":"2026-03-22T21:45:33.653Z"}
{"faultType":"sensor_error","level":"warn","message":"Robot robot-005 fault simulated","robotId":"robot-005","service":"robot-simulator","state":{"battery_level":59,"errors":["Sensor malfunction detected"],"joint_angles":{"joint1":0,"joint2":0,"joint3":0,"joint4":0,"joint5":0,"joint6":0},"orientation":{"pitch":0,"roll":0,"yaw":265.8327268685365},"position":{"x":0,"y":0,"z":0},"robotId":"robot-005","speed":1.056262697926515,"status":"error","task_id":null,"temperature":59.547757931324185,"timestamp":"2026-03-22T21:45:36.178Z"},"timestamp":"2026-03-22T21:45:36.284Z"}
{"faultType":"motor_failure","level":"warn","message":"Robot robot-002 fault simulated","robotId":"robot-002","service":"robot-simulator","state":{"battery_level":98.11232030670408,"errors":["Motor failure detected"],"joint_angles":{"joint1":0,"joint2":0,"joint3":0,"joint4":0,"joint5":0,"joint6":0},"orientation":{"pitch":0,"roll":0,"yaw":8.052183409414608},"position":{"x":11.966536755786695,"y":38.32121234041894,"z":0},"robotId":"robot-002","speed":0,"status":"error","task_id":null,"temperature":60.63887869257794,"timestamp":"2026-03-22T21:45:38.903Z"},"timestamp":"2026-03-22T21:45:39.004Z"}
{"faultType":"battery_low","level":"warn","message":"Robot robot-004 fault simulated","robotId":"robot-004","service":"robot-simulator","state":{"battery_level":5,"errors":[],"joint_angles":{"joint1":0,"joint2":0,"joint3":0,"joint4":0,"joint5":0,"joint6":0},"orientation":{"pitch":0,"roll":0,"yaw":123.02089638639984},"position":{"x":30.139634579723705,"y":74.16367832758357,"z":0},"robotId":"robot-004","speed":1.8895954134065596,"status":"error","task_id":null,"temperature":37.165109524598485,"timestamp":"2026-03-22T21:45:46.176Z"},"timestamp":"2026-03-22T21:45:46.277Z"}
{"batteryLevel":5,"level":"info","message":"Robot robot-004 started charging","robotId":"robot-004","service":"robot-simulator","timestamp":"2026-03-22T21:45:46.378Z"}
{"faultType":"overheating","level":"warn","message":"Robot robot-004 fault simulated","robotId":"robot-004","service":"robot-simulator","state":{"battery_level":73,"errors":[],"joint_angles":{"joint1":0,"joint2":0,"joint3":0,"joint4":0,"joint5":0,"joint6":0},"orientation":{"pitch":0,"roll":0,"yaw":123.02089638639984},"position":{"x":0,"y":0,"z":0},"robotId":"robot-004","speed":1.8895954134065596,"status":"error","task_id":null,"temperature":85,"timestamp":"2026-03-22T21:45:49.621Z"},"timestamp":"2026-03-22T21:45:49.722Z"}
{"faultType":"motor_failure","level":"warn","message":"Robot robot-001 fault simulated","robotId":"robot-001","service":"robot-simulator","state":{"battery_level":94.02323085535365,"errors":["Motor failure detected"],"joint_angles":{"joint1":0,"joint2":0,"joint3":0,"joint4":0,"joint5":0,"joint6":0},"orientation":{"pitch":0,"roll":0,"yaw":327.33030638072444},"position":{"x":59.183834570096685,"y":53.84151735754492,"z":0},"robotId":"robot-001","speed":0,"status":"error","task_id":null,"temperature":53.5166858299953,"timestamp":"2026-03-22T21:46:08.114Z"},"timestamp":"2026-03-22T21:46:08.216Z"}
{"level":"info","message":"Received SIGINT, shutting down gracefully","service":"robot-simulator","timestamp":"2026-03-22T21:51:14.603Z"}
{"level":"info","message":"Stopping Robot Simulator","service":"robot-simulator","timestamp":"2026-03-22T21:51:14.607Z"}
{"level":"info","message":"Received SIGINT, shutting down gracefully","service":"robot-simulator","timestamp":"2026-03-22T21:51:14.616Z"}
{"level":"info","message":"Stopping Robot Simulator","service":"robot-simulator","timestamp":"2026-03-22T21:51:14.617Z"}
{"level":"info","message":"Robot robot-005 disconnected","robotId":"robot-005","service":"robot-simulator","timestamp":"2026-03-22T21:51:14.741Z"}
{"level":"info","message":"Robot robot-005 disconnected","robotId":"robot-005","service":"robot-simulator","timestamp":"2026-03-22T21:51:14.741Z"}
{"level":"info","message":"Starting Robot Fleet Simulator","service":"robot-simulator","timestamp":"2026-03-22T21:52:46.520Z"}
{"level":"info","message":"Shutting down Robot Simulator","service":"robot-simulator","timestamp":"2026-03-22T21:52:46.522Z"}
{"level":"info","message":"Initializing Robot Simulator","service":"robot-simulator","timestamp":"2026-03-22T21:52:46.522Z"}
{"initialPosition":{"x":53.572674906408466,"y":81.6433911841711,"z":0},"level":"info","message":"Robot robot-001 initialized","robotId":"robot-001","service":"robot-simulator","timestamp":"2026-03-22T21:52:46.523Z"}
{"level":"info","message":"Robot robot-001 created","robotId":"robot-001","service":"robot-simulator","timestamp":"2026-03-22T21:52:46.523Z"}
{"initialPosition":{"x":51.82398100998833,"y":30.40400269573238,"z":0},"level":"info","message":"Robot robot-002 initialized","robotId":"robot-002","service":"robot-simulator","timestamp":"2026-03-22T21:52:46.523Z"}
{"level":"info","message":"Robot robot-002 created","robotId":"robot-002","service":"robot-simulator","timestamp":"2026-03-22T21:52:46.523Z"}
{"initialPosition":{"x":69.55836681664465,"y":41.08414283604394,"z":0},"level":"info","message":"Robot robot-003 initialized","robotId":"robot-003","service":"robot-simulator","timestamp":"2026-03-22T21:52:46.523Z"}
{"level":"info","message":"Robot robot-003 created","robotId":"robot-003","service":"robot-simulator","timestamp":"2026-03-22T21:52:46.524Z"}
{"initialPosition":{"x":15.06471036995558,"y":12.09970582968294,"z":0},"level":"info","message":"Robot robot-004 initialized","robotId":"robot-004","service":"robot-simulator","timestamp":"2026-03-22T21:52:46.524Z"}
{"level":"info","message":"Robot robot-004 created","robotId":"robot-004","service":"robot-simulator","timestamp":"2026-03-22T21:52:46.524Z"}
{"initialPosition":{"x":60.39237729361175,"y":81.178765356493,"z":0},"level":"info","message":"Robot robot-005 initialized","robotId":"robot-005","service":"robot-simulator","timestamp":"2026-03-22T21:52:46.524Z"}
{"level":"info","message":"Robot robot-005 created","robotId":"robot-005","service":"robot-simulator","timestamp":"2026-03-22T21:52:46.524Z"}
{"level":"info","message":"Robot robot-002 connected to IoT Hub","robotId":"robot-002","service":"robot-simulator","timestamp":"2026-03-22T21:52:47.040Z"}
{"level":"info","message":"Robot robot-002 connection established","robotId":"robot-002","service":"robot-simulator","timestamp":"2026-03-22T21:52:47.041Z"}
{"level":"info","message":"Robot robot-001 connected to IoT Hub","robotId":"robot-001","service":"robot-simulator","timestamp":"2026-03-22T21:52:47.044Z"}
{"level":"info","message":"Robot robot-001 connection established","robotId":"robot-001","service":"robot-simulator","timestamp":"2026-03-22T21:52:47.044Z"}
{"level":"info","message":"Robot robot-005 connected to IoT Hub","robotId":"robot-005","service":"robot-simulator","timestamp":"2026-03-22T21:52:47.045Z"}
{"level":"info","message":"Robot robot-005 connection established","robotId":"robot-005","service":"robot-simulator","timestamp":"2026-03-22T21:52:47.045Z"}
{"level":"info","message":"Robot robot-003 connected to IoT Hub","robotId":"robot-003","service":"robot-simulator","timestamp":"2026-03-22T21:52:47.076Z"}
{"level":"info","message":"Robot robot-003 connection established","robotId":"robot-003","service":"robot-simulator","timestamp":"2026-03-22T21:52:47.076Z"}
{"level":"info","message":"Robot robot-004 connected to IoT Hub","robotId":"robot-004","service":"robot-simulator","timestamp":"2026-03-22T21:52:47.084Z"}
{"level":"info","message":"Robot robot-004 connection established","robotId":"robot-004","service":"robot-simulator","timestamp":"2026-03-22T21:52:47.085Z"}
{"level":"info","message":"All 5 robots connected to IoT Hub","service":"robot-simulator","timestamp":"2026-03-22T21:52:47.085Z"}
{"level":"info","message":"Robot Simulator started","robotCount":5,"service":"robot-simulator","telemetryInterval":3000,"timestamp":"2026-03-22T21:52:47.085Z"}
{"level":"info","message":"Robot Fleet Simulator is running. Press Ctrl+C to stop.","service":"robot-simulator","timestamp":"2026-03-22T21:52:47.085Z"}
{"faultType":"sensor_error","level":"warn","message":"Robot robot-003 fault simulated","robotId":"robot-003","service":"robot-simulator","state":{"battery_level":99.80951849855344,"errors":["Sensor malfunction detected"],"joint_angles":{"joint1":0,"joint2":0,"joint3":0,"joint4":0,"joint5":0,"joint6":0},"orientation":{"pitch":0,"roll":0,"yaw":351.7385872086244},"position":{"x":69.55836681664465,"y":41.08414283604394,"z":0},"robotId":"robot-003","speed":1.2796579812357607,"status":"error","task_id":null,"temperature":42.998078117629646,"timestamp":"2026-03-22T21:52:47.691Z"},"timestamp":"2026-03-22T21:52:47.792Z"}
{"faultType":"sensor_error","level":"warn","message":"Robot robot-004 fault simulated","robotId":"robot-004","service":"robot-simulator","state":{"battery_level":99.90216403130967,"errors":["Sensor malfunction detected"],"joint_angles":{"joint1":0,"joint2":0,"joint3":0,"joint4":0,"joint5":0,"joint6":0},"orientation":{"pitch":0,"roll":0,"yaw":298.21533352612323},"position":{"x":15.06471036995558,"y":12.09970582968294,"z":0},"robotId":"robot-004","speed":1.0828293501373643,"status":"error","task_id":null,"temperature":44.798982923921194,"timestamp":"2026-03-22T21:52:47.691Z"},"timestamp":"2026-03-22T21:52:47.792Z"}
{"faultType":"sensor_error","level":"warn","message":"Robot robot-001 fault simulated","robotId":"robot-001","service":"robot-simulator","state":{"battery_level":98.89413955134853,"errors":["Sensor malfunction detected"],"joint_angles":{"joint1":0,"joint2":0,"joint3":0,"joint4":0,"joint5":0,"joint6":0},"orientation":{"pitch":0,"roll":0,"yaw":102.76027967992688},"position":{"x":53.572674906408466,"y":81.6433911841711,"z":0},"robotId":"robot-001","speed":0.9336189703316947,"status":"error","task_id":null,"temperature":39.21417254551204,"timestamp":"2026-03-22T21:52:53.752Z"},"timestamp":"2026-03-22T21:52:53.853Z"}
{"faultType":"battery_low","level":"warn","message":"Robot robot-005 fault simulated","robotId":"robot-005","service":"robot-simulator","state":{"battery_level":5,"errors":[],"joint_angles":{"joint1":0,"joint2":0,"joint3":0,"joint4":0,"joint5":0,"joint6":0},"orientation":{"pitch":0,"roll":0,"yaw":241.5647218177377},"position":{"x":60.39237729361175,"y":81.178765356493,"z":0},"robotId":"robot-005","speed":1.021348823574792,"status":"error","task_id":null,"temperature":47.68237964629474,"timestamp":"2026-03-22T21:53:05.170Z"},"timestamp":"2026-03-22T21:53:05.271Z"}
{"batteryLevel":5,"level":"info","message":"Robot robot-005 started charging","robotId":"robot-005","service":"robot-simulator","timestamp":"2026-03-22T21:53:05.372Z"}
{"batteryLevel":95,"level":"info","message":"Robot robot-005 finished charging","robotId":"robot-005","service":"robot-simulator","timestamp":"2026-03-22T21:53:09.811Z"}
{"faultType":"overheating","level":"warn","message":"Robot robot-002 fault simulated","robotId":"robot-002","service":"robot-simulator","state":{"battery_level":95.86081697302868,"errors":[],"joint_angles":{"joint1":0,"joint2":0,"joint3":0,"joint4":0,"joint5":0,"joint6":0},"orientation":{"pitch":0,"roll":0,"yaw":307.2374328068811},"position":{"x":51.82398100998833,"y":30.40400269573238,"z":0},"robotId":"robot-002","speed":1.0700923318553515,"status":"error","task_id":null,"temperature":85,"timestamp":"2026-03-22T21:53:09.811Z"},"timestamp":"2026-03-22T21:53:09.913Z"}
{"faultType":"motor_failure","level":"warn","message":"Robot robot-005 fault simulated","robotId":"robot-005","service":"robot-simulator","state":{"battery_level":93.45035689586058,"errors":["Motor failure detected"],"joint_angles":{"joint1":0,"joint2":0,"joint3":0,"joint4":0,"joint5":0,"joint6":0},"orientation":{"pitch":0,"roll":0,"yaw":241.5647218177377},"position":{"x":0,"y":0,"z":0},"robotId":"robot-005","speed":0,"status":"error","task_id":null,"temperature":46.412149908419984,"timestamp":"2026-03-22T21:53:16.885Z"},"timestamp":"2026-03-22T21:53:16.986Z"}
{"level":"info","message":"Received SIGINT, shutting down gracefully","service":"robot-simulator","timestamp":"2026-03-22T21:53:35.988Z"}
{"level":"info","message":"Stopping Robot Simulator","service":"robot-simulator","timestamp":"2026-03-22T21:53:35.992Z"}
{"level":"info","message":"Received SIGINT, shutting down gracefully","service":"robot-simulator","timestamp":"2026-03-22T21:53:36.000Z"}
{"level":"info","message":"Stopping Robot Simulator","service":"robot-simulator","timestamp":"2026-03-22T21:53:36.000Z"}
{"level":"info","message":"Robot robot-002 disconnected","robotId":"robot-002","service":"robot-simulator","timestamp":"2026-03-22T21:53:36.045Z"}
{"level":"info","message":"Robot robot-002 disconnected","robotId":"robot-002","service":"robot-simulator","timestamp":"2026-03-22T21:53:36.046Z"}
